Initialized native services in: C:\Users\Serge\.gradle\native
Initialized jansi services in: C:\Users\Serge\.gradle\native
Found daemon DaemonInfo{pid=46388, address=[2c1e0c15-00ef-4007-90e8-21148a8e575d port:53421, addresses:[/127.0.0.1]], state=Idle, lastBusy=1766661603573, context=DefaultDaemonContext[uid=3dd08d4b-f0dd-4eda-8d60-87434f3c88b7,javaHome=C:\Program Files\Android\Android Studio\jbr,javaVersion=21,javaVendor=JetBrains s.r.o.,daemonRegistryDir=C:\Users\Serge\.gradle\daemon,pid=46388,idleTimeout=10800000,priority=NORMAL,applyInstrumentationAgent=true,nativeServicesMode=ENABLED,daemonOpts=-Xmx2048m,-Dfile.encoding=UTF-8,-Duser.country=US,-Duser.language=en,-Duser.variant]} however its context does not match the desired criteria.
JVM is incompatible.
Wanted: DaemonRequestContext{jvmCriteria=C:\Program Files\Java\jdk-22 (no JDK specified, using current Java home), daemonOpts=[-Xmx2048m, -Dfile.encoding=UTF-8, -Duser.country=US, -Duser.language=en, -Duser.variant], applyInstrumentationAgent=true, nativeServicesMode=ENABLED, priority=NORMAL}
Actual: DefaultDaemonContext[uid=3dd08d4b-f0dd-4eda-8d60-87434f3c88b7,javaHome=C:\Program Files\Android\Android Studio\jbr,javaVersion=21,javaVendor=JetBrains s.r.o.,daemonRegistryDir=C:\Users\Serge\.gradle\daemon,pid=46388,idleTimeout=10800000,priority=NORMAL,applyInstrumentationAgent=true,nativeServicesMode=ENABLED,daemonOpts=-Xmx2048m,-Dfile.encoding=UTF-8,-Duser.country=US,-Duser.language=en,-Duser.variant]

  Looking for a different daemon...
Found daemon DaemonInfo{pid=22164, address=[34dc77ba-a873-41cd-b93b-1939e8af118c port:58064, addresses:[/127.0.0.1]], state=Idle, lastBusy=1766660246208, context=DefaultDaemonContext[uid=507dfb9f-79dd-4c13-a68b-a2ea56526b82,javaHome=C:\Users\Serge\.antigravity\extensions\redhat.java-1.50.0-win32-x64\jre\21.0.9-win32-x86_64,javaVersion=21,javaVendor=Eclipse Adoptium,daemonRegistryDir=C:\Users\Serge\.gradle\daemon,pid=22164,idleTimeout=10800000,priority=NORMAL,applyInstrumentationAgent=true,nativeServicesMode=ENABLED,daemonOpts=-Xmx2048m,-Dfile.encoding=UTF-8,-Duser.country=US,-Duser.language=en,-Duser.variant]} however its context does not match the desired criteria.
JVM is incompatible.
Wanted: DaemonRequestContext{jvmCriteria=C:\Program Files\Java\jdk-22 (no JDK specified, using current Java home), daemonOpts=[-Xmx2048m, -Dfile.encoding=UTF-8, -Duser.country=US, -Duser.language=en, -Duser.variant], applyInstrumentationAgent=true, nativeServicesMode=ENABLED, priority=NORMAL}
Actual: DefaultDaemonContext[uid=507dfb9f-79dd-4c13-a68b-a2ea56526b82,javaHome=C:\Users\Serge\.antigravity\extensions\redhat.java-1.50.0-win32-x64\jre\21.0.9-win32-x86_64,javaVersion=21,javaVendor=Eclipse Adoptium,daemonRegistryDir=C:\Users\Serge\.gradle\daemon,pid=22164,idleTimeout=10800000,priority=NORMAL,applyInstrumentationAgent=true,nativeServicesMode=ENABLED,daemonOpts=-Xmx2048m,-Dfile.encoding=UTF-8,-Duser.country=US,-Duser.language=en,-Duser.variant]

  Looking for a different daemon...
The client will now receive all logging from the daemon (pid: 48384). The daemon log file: C:\Users\Serge\.gradle\daemon\8.13\daemon-48384.out.log
Starting 31st build in daemon [uptime: 2 hrs 41 mins 51.559 secs, performance: 100%, GC rate: 0.00/s, heap usage: 4% of 2 GiB]
Using 20 worker leases.
Now considering [C:\Users\Serge\source\repos\Siffermastare] as hierarchies to watch
Watching the file system is configured to be enabled if available
File system watching is active
Starting Build
Settings evaluated using settings file 'C:\Users\Serge\source\repos\Siffermastare\settings.gradle.kts'.
Projects loaded. Root project using build file 'C:\Users\Serge\source\repos\Siffermastare\build.gradle.kts'.
Included projects: [root project 'Sifferm├ñstare', project ':app']

> Configure project :
Evaluating root project 'Sifferm├ñstare' using build file 'C:\Users\Serge\source\repos\Siffermastare\build.gradle.kts'.
Resolved plugin [id: 'com.android.application', version: '8.13.2', apply: false]
Resolved plugin [id: 'org.jetbrains.kotlin.android', version: '1.9.0', apply: false]

> Configure project :app
Evaluating project ':app' using build file 'C:\Users\Serge\source\repos\Siffermastare\app\build.gradle.kts'.
Resolved plugin [id: 'com.android.application', version: '8.13.2']
Resolved plugin [id: 'org.jetbrains.kotlin.android', version: '1.9.0']
Resolved plugin [id: 'com.google.devtools.ksp', version: '1.9.0-1.0.13']
Using default execution profile
Using Kotlin Gradle Plugin gradle81 variant
All projects evaluated.
Task name matched 'testDebugUnitTest'
Selected primary task 'testDebugUnitTest' from project :
Tasks to be executed: [task ':app:preBuild', task ':app:preDebugBuild', task ':app:checkDebugAarMetadata', task ':app:processDebugNavigationResources', task ':app:compileDebugNavigationResources', task ':app:generateDebugResValues', task ':app:mapDebugSourceSetPaths', task ':app:generateDebugResources', task ':app:mergeDebugResources', task ':app:packageDebugResources', task ':app:parseDebugLocalResources', task ':app:createDebugCompatibleScreenManifests', task ':app:extractDeepLinksDebug', task ':app:processDebugMainManifest', task ':app:processDebugManifest', task ':app:processDebugManifestForPackage', task ':app:processDebugResources', task ':app:kspDebugKotlin', task ':app:compileDebugKotlin', task ':app:javaPreCompileDebug', task ':app:compileDebugJavaWithJavac', task ':app:bundleDebugClassesToRuntimeJar', task ':app:bundleDebugClassesToCompileJar', task ':app:kspDebugUnitTestKotlin', task ':app:compileDebugUnitTestKotlin', task ':app:preDebugUnitTestBuild', task ':app:javaPreCompileDebugUnitTest', task ':app:compileDebugUnitTestJavaWithJavac', task ':app:processDebugJavaRes', task ':app:processDebugUnitTestJavaRes', task ':app:testDebugUnitTest']
Tasks that were excluded: []
Resolve mutations for :app:preBuild (Thread[#5026,Execution worker,5,main]) started.
:app:preBuild (Thread[#5026,Execution worker,5,main]) started.

> Task :app:preBuild UP-TO-DATE
Skipping task ':app:preBuild' as it has no actions.
Resolve mutations for :app:preDebugBuild (Thread[#5026,Execution worker,5,main]) started.
:app:preDebugBuild (Thread[#5028,Execution worker Thread 3,5,main]) started.

> Task :app:preDebugBuild UP-TO-DATE
Skipping task ':app:preDebugBuild' as it has no actions.
Resolve mutations for :app:checkDebugAarMetadata (Thread[#5028,Execution worker Thread 3,5,main]) started.
:app:checkDebugAarMetadata (Thread[#5033,Execution worker Thread 8,5,main]) started.

> Task :app:checkDebugAarMetadata UP-TO-DATE
Caching disabled for task ':app:checkDebugAarMetadata' because:
  Build cache is disabled
  Caching has been disabled for the task
Skipping task ':app:checkDebugAarMetadata' as it is up-to-date.
Resolve mutations for :app:processDebugNavigationResources (Thread[#5033,Execution worker Thread 8,5,main]) started.
:app:processDebugNavigationResources (Thread[#5044,Execution worker Thread 19,5,main]) started.

> Task :app:processDebugNavigationResources UP-TO-DATE
Caching disabled for task ':app:processDebugNavigationResources' because:
  Build cache is disabled
Skipping task ':app:processDebugNavigationResources' as it is up-to-date.
Resolve mutations for :app:compileDebugNavigationResources (Thread[#5044,Execution worker Thread 19,5,main]) started.
:app:compileDebugNavigationResources (Thread[#5041,Execution worker Thread 16,5,main]) started.

> Task :app:compileDebugNavigationResources UP-TO-DATE
Caching disabled for task ':app:compileDebugNavigationResources' because:
  Build cache is disabled
Skipping task ':app:compileDebugNavigationResources' as it is up-to-date.
Resolve mutations for :app:generateDebugResValues (Thread[#5041,Execution worker Thread 16,5,main]) started.
:app:generateDebugResValues (Thread[#5041,Execution worker Thread 16,5,main]) started.

> Task :app:generateDebugResValues UP-TO-DATE
Caching disabled for task ':app:generateDebugResValues' because:
  Build cache is disabled
Skipping task ':app:generateDebugResValues' as it is up-to-date.
Resolve mutations for :app:mapDebugSourceSetPaths (Thread[#5041,Execution worker Thread 16,5,main]) started.
:app:mapDebugSourceSetPaths (Thread[#5041,Execution worker Thread 16,5,main]) started.

> Task :app:mapDebugSourceSetPaths UP-TO-DATE
Caching disabled for task ':app:mapDebugSourceSetPaths' because:
  Build cache is disabled
  Caching has been disabled for the task
Skipping task ':app:mapDebugSourceSetPaths' as it is up-to-date.
Resolve mutations for :app:generateDebugResources (Thread[#5041,Execution worker Thread 16,5,main]) started.
:app:generateDebugResources (Thread[#5041,Execution worker Thread 16,5,main]) started.

> Task :app:generateDebugResources UP-TO-DATE
Caching disabled for task ':app:generateDebugResources' because:
  Build cache is disabled
Skipping task ':app:generateDebugResources' as it is up-to-date.
Resolve mutations for :app:mergeDebugResources (Thread[#5041,Execution worker Thread 16,5,main]) started.
:app:mergeDebugResources (Thread[#5041,Execution worker Thread 16,5,main]) started.

> Task :app:mergeDebugResources UP-TO-DATE
Caching disabled for task ':app:mergeDebugResources' because:
  Build cache is disabled
Skipping task ':app:mergeDebugResources' as it is up-to-date.
Resolve mutations for :app:packageDebugResources (Thread[#5041,Execution worker Thread 16,5,main]) started.
:app:packageDebugResources (Thread[#5028,Execution worker Thread 3,5,main]) started.

> Task :app:packageDebugResources UP-TO-DATE
Caching disabled for task ':app:packageDebugResources' because:
  Build cache is disabled
Skipping task ':app:packageDebugResources' as it is up-to-date.
Resolve mutations for :app:parseDebugLocalResources (Thread[#5028,Execution worker Thread 3,5,main]) started.
:app:parseDebugLocalResources (Thread[#5030,Execution worker Thread 5,5,main]) started.

> Task :app:parseDebugLocalResources UP-TO-DATE
Caching disabled for task ':app:parseDebugLocalResources' because:
  Build cache is disabled
Skipping task ':app:parseDebugLocalResources' as it is up-to-date.
Resolve mutations for :app:createDebugCompatibleScreenManifests (Thread[#5030,Execution worker Thread 5,5,main]) started.
:app:createDebugCompatibleScreenManifests (Thread[#5030,Execution worker Thread 5,5,main]) started.

> Task :app:createDebugCompatibleScreenManifests UP-TO-DATE
Caching disabled for task ':app:createDebugCompatibleScreenManifests' because:
  Build cache is disabled
  Caching has been disabled for the task
Skipping task ':app:createDebugCompatibleScreenManifests' as it is up-to-date.
Resolve mutations for :app:extractDeepLinksDebug (Thread[#5030,Execution worker Thread 5,5,main]) started.
:app:extractDeepLinksDebug (Thread[#5040,Execution worker Thread 15,5,main]) started.

> Task :app:extractDeepLinksDebug UP-TO-DATE
Caching disabled for task ':app:extractDeepLinksDebug' because:
  Build cache is disabled
Skipping task ':app:extractDeepLinksDebug' as it is up-to-date.
Resolve mutations for :app:processDebugMainManifest (Thread[#5040,Execution worker Thread 15,5,main]) started.
:app:processDebugMainManifest (Thread[#5031,Execution worker Thread 6,5,main]) started.

> Task :app:processDebugMainManifest UP-TO-DATE
Caching disabled for task ':app:processDebugMainManifest' because:
  Build cache is disabled
Skipping task ':app:processDebugMainManifest' as it is up-to-date.
Resolve mutations for :app:processDebugManifest (Thread[#5031,Execution worker Thread 6,5,main]) started.
:app:processDebugManifest (Thread[#5036,Execution worker Thread 11,5,main]) started.

> Task :app:processDebugManifest UP-TO-DATE
Caching disabled for task ':app:processDebugManifest' because:
  Build cache is disabled
Skipping task ':app:processDebugManifest' as it is up-to-date.
Resolve mutations for :app:processDebugManifestForPackage (Thread[#5036,Execution worker Thread 11,5,main]) started.
:app:processDebugManifestForPackage (Thread[#5036,Execution worker Thread 11,5,main]) started.

> Task :app:processDebugManifestForPackage UP-TO-DATE
Custom actions are attached to task ':app:processDebugManifestForPackage'.
Caching disabled for task ':app:processDebugManifestForPackage' because:
  Build cache is disabled
Skipping task ':app:processDebugManifestForPackage' as it is up-to-date.
Resolve mutations for :app:processDebugResources (Thread[#5036,Execution worker Thread 11,5,main]) started.
:app:processDebugResources (Thread[#5036,Execution worker Thread 11,5,main]) started.

> Task :app:processDebugResources UP-TO-DATE
Caching disabled for task ':app:processDebugResources' because:
  Build cache is disabled
Skipping task ':app:processDebugResources' as it is up-to-date.
Resolve mutations for :app:kspDebugKotlin (Thread[#5036,Execution worker Thread 11,5,main]) started.
:app:kspDebugKotlin (Thread[#5036,Execution worker Thread 11,5,main]) started.

> Task :app:kspDebugKotlin UP-TO-DATE
file or directory 'C:\Users\Serge\source\repos\Siffermastare\app\src\debug\kotlin', not found
file or directory 'C:\Users\Serge\source\repos\Siffermastare\app\src\debug\kotlin', not found
file or directory 'C:\Users\Serge\source\repos\Siffermastare\app\src\debug\java', not found
file or directory 'C:\Users\Serge\source\repos\Siffermastare\app\src\debug\java', not found
file or directory 'C:\Users\Serge\source\repos\Siffermastare\app\src\debug\kotlin', not found
file or directory 'C:\Users\Serge\source\repos\Siffermastare\app\src\debug\java', not found
file or directory 'C:\Users\Serge\source\repos\Siffermastare\app\src\main\kotlin', not found
file or directory 'C:\Users\Serge\source\repos\Siffermastare\app\src\main\kotlin', not found
file or directory 'C:\Users\Serge\source\repos\Siffermastare\app\src\main\kotlin', not found
file or directory 'C:\Users\Serge\source\repos\Siffermastare\app\src\debug\kotlin', not found
file or directory 'C:\Users\Serge\source\repos\Siffermastare\app\src\debug\kotlin', not found
file or directory 'C:\Users\Serge\source\repos\Siffermastare\app\src\debug\java', not found
file or directory 'C:\Users\Serge\source\repos\Siffermastare\app\src\debug\java', not found
file or directory 'C:\Users\Serge\source\repos\Siffermastare\app\src\debug\kotlin', not found
file or directory 'C:\Users\Serge\source\repos\Siffermastare\app\src\debug\java', not found
file or directory 'C:\Users\Serge\source\repos\Siffermastare\app\src\main\kotlin', not found
file or directory 'C:\Users\Serge\source\repos\Siffermastare\app\src\main\kotlin', not found
file or directory 'C:\Users\Serge\source\repos\Siffermastare\app\src\main\kotlin', not found
Caching disabled for task ':app:kspDebugKotlin' because:
  Build cache is disabled
Skipping task ':app:kspDebugKotlin' as it is up-to-date.
Resolve mutations for :app:compileDebugKotlin (Thread[#5036,Execution worker Thread 11,5,main]) started.
:app:compileDebugKotlin (Thread[#5036,Execution worker Thread 11,5,main]) started.
Resolve mutations for :app:javaPreCompileDebug (Thread[#5037,Execution worker Thread 12,5,main]) started.
:app:javaPreCompileDebug (Thread[#5037,Execution worker Thread 12,5,main]) started.

> Task :app:javaPreCompileDebug UP-TO-DATE
Caching disabled for task ':app:javaPreCompileDebug' because:
  Build cache is disabled
Skipping task ':app:javaPreCompileDebug' as it is up-to-date.
Resolve mutations for :app:preDebugUnitTestBuild (Thread[#5037,Execution worker Thread 12,5,main]) started.
:app:preDebugUnitTestBuild (Thread[#5037,Execution worker Thread 12,5,main]) started.

> Task :app:preDebugUnitTestBuild UP-TO-DATE
Skipping task ':app:preDebugUnitTestBuild' as it has no actions.
Resolve mutations for :app:javaPreCompileDebugUnitTest (Thread[#5037,Execution worker Thread 12,5,main]) started.
:app:javaPreCompileDebugUnitTest (Thread[#5037,Execution worker Thread 12,5,main]) started.

> Task :app:javaPreCompileDebugUnitTest UP-TO-DATE
Caching disabled for task ':app:javaPreCompileDebugUnitTest' because:
  Build cache is disabled
Skipping task ':app:javaPreCompileDebugUnitTest' as it is up-to-date.

> Task :app:compileDebugKotlin FAILED
Caching disabled for task ':app:compileDebugKotlin' because:
  Build cache is disabled
Task ':app:compileDebugKotlin' is not up-to-date because:
  Task has failed previously.
The input changes require a full rebuild for incremental task ':app:compileDebugKotlin'.
file or directory 'C:\Users\Serge\source\repos\Siffermastare\app\src\debug\kotlin', not found
file or directory 'C:\Users\Serge\source\repos\Siffermastare\app\src\debug\kotlin', not found
file or directory 'C:\Users\Serge\source\repos\Siffermastare\app\src\debug\java', not found
file or directory 'C:\Users\Serge\source\repos\Siffermastare\app\src\debug\java', not found
file or directory 'C:\Users\Serge\source\repos\Siffermastare\app\src\debug\kotlin', not found
file or directory 'C:\Users\Serge\source\repos\Siffermastare\app\src\debug\java', not found
file or directory 'C:\Users\Serge\source\repos\Siffermastare\app\src\main\kotlin', not found
file or directory 'C:\Users\Serge\source\repos\Siffermastare\app\src\main\kotlin', not found
file or directory 'C:\Users\Serge\source\repos\Siffermastare\app\src\main\kotlin', not found
file or directory 'C:\Users\Serge\source\repos\Siffermastare\app\src\debug\java', not found
file or directory 'C:\Users\Serge\source\repos\Siffermastare\app\src\generatedByKspDebugKotlin\kotlin', not found
file or directory 'C:\Users\Serge\source\repos\Siffermastare\app\src\debug\kotlin', not found
file or directory 'C:\Users\Serge\source\repos\Siffermastare\app\src\debug\kotlin', not found
file or directory 'C:\Users\Serge\source\repos\Siffermastare\app\src\debug\java', not found
file or directory 'C:\Users\Serge\source\repos\Siffermastare\app\src\debug\java', not found
file or directory 'C:\Users\Serge\source\repos\Siffermastare\app\src\debug\kotlin', not found
file or directory 'C:\Users\Serge\source\repos\Siffermastare\app\src\debug\java', not found
file or directory 'C:\Users\Serge\source\repos\Siffermastare\app\src\main\kotlin', not found
file or directory 'C:\Users\Serge\source\repos\Siffermastare\app\src\main\kotlin', not found
file or directory 'C:\Users\Serge\source\repos\Siffermastare\app\src\debug\kotlin', not found
file or directory 'C:\Users\Serge\source\repos\Siffermastare\app\src\debug\kotlin', not found
file or directory 'C:\Users\Serge\source\repos\Siffermastare\app\src\debug\java', not found
file or directory 'C:\Users\Serge\source\repos\Siffermastare\app\src\debug\java', not found
file or directory 'C:\Users\Serge\source\repos\Siffermastare\app\src\debug\kotlin', not found
file or directory 'C:\Users\Serge\source\repos\Siffermastare\app\src\debug\java', not found
file or directory 'C:\Users\Serge\source\repos\Siffermastare\app\src\main\kotlin', not found
file or directory 'C:\Users\Serge\source\repos\Siffermastare\app\src\main\kotlin', not found
file or directory 'C:\Users\Serge\source\repos\Siffermastare\app\src\main\kotlin', not found
file or directory 'C:\Users\Serge\source\repos\Siffermastare\app\src\debug\java', not found
file or directory 'C:\Users\Serge\source\repos\Siffermastare\app\src\generatedByKspDebugKotlin\kotlin', not found
file or directory 'C:\Users\Serge\source\repos\Siffermastare\app\src\debug\kotlin', not found
file or directory 'C:\Users\Serge\source\repos\Siffermastare\app\src\debug\kotlin', not found
file or directory 'C:\Users\Serge\source\repos\Siffermastare\app\src\debug\java', not found
file or directory 'C:\Users\Serge\source\repos\Siffermastare\app\src\debug\java', not found
file or directory 'C:\Users\Serge\source\repos\Siffermastare\app\src\debug\kotlin', not found
file or directory 'C:\Users\Serge\source\repos\Siffermastare\app\src\debug\java', not found
file or directory 'C:\Users\Serge\source\repos\Siffermastare\app\src\main\kotlin', not found
file or directory 'C:\Users\Serge\source\repos\Siffermastare\app\src\main\kotlin', not found
file or directory 'C:\Users\Serge\source\repos\Siffermastare\app\src\main\kotlin', not found
file or directory 'C:\Users\Serge\source\repos\Siffermastare\app\src\debug\java', not found
file or directory 'C:\Users\Serge\source\repos\Siffermastare\app\src\generatedByKspDebugKotlin\kotlin', not found
file or directory 'C:\Users\Serge\source\repos\Siffermastare\app\src\debug\kotlin', not found
file or directory 'C:\Users\Serge\source\repos\Siffermastare\app\src\debug\kotlin', not found
file or directory 'C:\Users\Serge\source\repos\Siffermastare\app\src\debug\java', not found
file or directory 'C:\Users\Serge\source\repos\Siffermastare\app\src\debug\java', not found
file or directory 'C:\Users\Serge\source\repos\Siffermastare\app\src\debug\kotlin', not found
file or directory 'C:\Users\Serge\source\repos\Siffermastare\app\src\debug\java', not found
file or directory 'C:\Users\Serge\source\repos\Siffermastare\app\src\main\kotlin', not found
file or directory 'C:\Users\Serge\source\repos\Siffermastare\app\src\main\kotlin', not found
file or directory 'C:\Users\Serge\source\repos\Siffermastare\app\src\main\kotlin', not found
file or directory 'C:\Users\Serge\source\repos\Siffermastare\app\src\debug\java', not found
file or directory 'C:\Users\Serge\source\repos\Siffermastare\app\src\generatedByKspDebugKotlin\kotlin', not found
Kotlin source files: C:\Users\Serge\source\repos\Siffermastare\app\src\main\java\com\siffermastare\data\database\AppDatabase.kt, C:\Users\Serge\source\repos\Siffermastare\app\src\main\java\com\siffermastare\data\database\LessonDao.kt, C:\Users\Serge\source\repos\Siffermastare\app\src\main\java\com\siffermastare\data\database\LessonResult.kt, C:\Users\Serge\source\repos\Siffermastare\app\src\main\java\com\siffermastare\data\repository\LessonRepository.kt, C:\Users\Serge\source\repos\Siffermastare\app\src\main\java\com\siffermastare\data\repository\LessonRepositoryImpl.kt, C:\Users\Serge\source\repos\Siffermastare\app\src\main\java\com\siffermastare\data\tts\TTSManager.kt, C:\Users\Serge\source\repos\Siffermastare\app\src\main\java\com\siffermastare\domain\generators\CardinalGenerator.kt, C:\Users\Serge\source\repos\Siffermastare\app\src\main\java\com\siffermastare\domain\generators\NumberGenerator.kt, C:\Users\Serge\source\repos\Siffermastare\app\src\main\java\com\siffermastare\domain\generators\NumberGeneratorFactory.kt, C:\Users\Serge\source\repos\Siffermastare\app\src\main\java\com\siffermastare\domain\generators\OrdinalGenerator.kt, C:\Users\Serge\source\repos\Siffermastare\app\src\main\java\com\siffermastare\domain\generators\TimeGenerator.kt, C:\Users\Serge\source\repos\Siffermastare\app\src\main\java\com\siffermastare\domain\LessonSessionManager.kt, C:\Users\Serge\source\repos\Siffermastare\app\src\main\java\com\siffermastare\domain\models\Question.kt, C:\Users\Serge\source\repos\Siffermastare\app\src\main\java\com\siffermastare\MainActivity.kt, C:\Users\Serge\source\repos\Siffermastare\app\src\main\java\com\siffermastare\SiffermastareApplication.kt, C:\Users\Serge\source\repos\Siffermastare\app\src\main\java\com\siffermastare\ui\components\Numpad.kt, C:\Users\Serge\source\repos\Siffermastare\app\src\main\java\com\siffermastare\ui\home\HomeScreen.kt, C:\Users\Serge\source\repos\Siffermastare\app\src\main\java\com\siffermastare\ui\home\HomeViewModel.kt, C:\Users\Serge\source\repos\Siffermastare\app\src\main\java\com\siffermastare\ui\lesson\LessonScreen.kt, C:\Users\Serge\source\repos\Siffermastare\app\src\main\java\com\siffermastare\ui\lesson\LessonViewModel.kt, C:\Users\Serge\source\repos\Siffermastare\app\src\main\java\com\siffermastare\ui\lesson\LessonViewModelFactory.kt, C:\Users\Serge\source\repos\Siffermastare\app\src\main\java\com\siffermastare\ui\navigation\Screen.kt, C:\Users\Serge\source\repos\Siffermastare\app\src\main\java\com\siffermastare\ui\summary\SummaryScreen.kt, C:\Users\Serge\source\repos\Siffermastare\app\src\main\java\com\siffermastare\ui\theme\Color.kt, C:\Users\Serge\source\repos\Siffermastare\app\src\main\java\com\siffermastare\ui\theme\Theme.kt, C:\Users\Serge\source\repos\Siffermastare\app\src\main\java\com\siffermastare\ui\theme\Type.kt
Java source files: C:\Users\Serge\source\repos\Siffermastare\app\build\generated\ksp\debug\java\com\siffermastare\data\database\AppDatabase_Impl.java, C:\Users\Serge\source\repos\Siffermastare\app\build\generated\ksp\debug\java\com\siffermastare\data\database\LessonDao_Impl.java
Script source files: 
Script file extensions: 
Using Kotlin/JVM incremental compilation
[KOTLIN] Kotlin compilation 'jdkHome' argument: null
i: found daemon on port 17310 (9698823 ms old), trying to connect
i: connected to the daemon
Options for KOTLIN DAEMON: IncrementalCompilationOptions(super=CompilationOptions(compilerMode=INCREMENTAL_COMPILER, targetPlatform=JVM, reportCategories=[0, 3], reportSeverity=2, requestedCompilationResults=[0], kotlinScriptExtensions=[]), areFileChangesKnown=false, modifiedFiles=null, deletedFiles=null, classpathChanges=NotAvailableForNonIncrementalRun, workingDir=C:\Users\Serge\source\repos\Siffermastare\app\build\kotlin\compileDebugKotlin\cacheable, multiModuleICSettings=MultiModuleICSettings(buildHistoryFile=C:\Users\Serge\source\repos\Siffermastare\app\build\kotlin\compileDebugKotlin\local-state\build-history.bin, useModuleDetection=true), usePreciseJavaTracking=true, outputFiles=[C:\Users\Serge\source\repos\Siffermastare\app\build\tmp\kotlin-classes\debug, C:\Users\Serge\source\repos\Siffermastare\app\build\kotlin\compileDebugKotlin\cacheable, C:\Users\Serge\source\repos\Siffermastare\app\build\kotlin\compileDebugKotlin\local-state])
./gradlew : e: file:///C:/Users/Serge/source/repos/Siffermastare/app/src/m
ain/java/com/siffermastare/ui/lesson/LessonScreen.kt:282:79 Unresolved 
reference: Check
At line:1 char:1
+ ./gradlew testDebugUnitTest --info > test_log.txt 2>&1
+ ~~~~~~~~~~~~~~~~~~~~~~~~~~~~~~~~~~~~~~~~~~~~~~~~~~~~~~
    + CategoryInfo          : NotSpecified: (e: file:///C:/U...eference:  
   Check:String) [], RemoteException
    + FullyQualifiedErrorId : NativeCommandError
 

[Incubating] Problems report is available at: file:///C:/Users/Serge/source/repos/Siffermastare/build/reports/problems/problems-report.html

FAILURE: Build failed with an exception.

* What went wrong:
Execution failed for task ':app:compileDebugKotlin'.
> A failure occurred while executing org.jetbrains.kotlin.compilerRunner.G
radleCompilerRunnerWithWorkers$GradleKotlinCompilerWorkAction
   > Compilation error. See log for more details

* Try:
> Run with --stacktrace option to get the stack trace.
> Run with --debug option to get more log output.
> Run with --scan to get full insights.
> Get more help at https://help.gradle.org.

Deprecated Gradle features were used in this build, making it incompatible with Gradle 9.0.

You can use '--warning-mode all' to show the individual deprecation warnings and determine if they come from your own scripts or plugins.

For more on this, please refer to https://docs.gradle.org/8.13/userguide/command_line_interface.html#sec:command_line_warnings in the Gradle documentation.
19 actionable tasks: 1 executed, 18 up-to-date
Watched directory hierarchies: [C:\Users\Serge\source\repos\Siffermastare]

BUILD FAILED in 1s
